// Jest Snapshot v1, https://goo.gl/fbAQLP

exports[`Test empty validateParams 1`] = `"No mapbox token found, please pass your mapbox API token via --key or set the MAPBOX_TOKEN environment variable."`;

exports[`Test invalid validateParams 1`] = `"format must be one of (jpg90 | jpg80 | jpg70 | png256 | png128 | png64 | png32 | png)"`;

exports[`Test invalid validateParams 2`] = `"zoom must be an integer greater than or equal to 0"`;

exports[`Test invalid validateParams 3`] = `"zoom must be an integer greater than or equal to 0"`;

exports[`Test invalid validateParams 4`] = `
"invalid latitude / longitude values. x values must be between -180 and 180, y values between -90 and 90. 
      x2 must be greater than x1, y2 must be less than y1."
`;

exports[`Test invalid validateParams 5`] = `
"invalid latitude / longitude values. x values must be between -180 and 180, y values between -90 and 90. 
      x2 must be greater than x1, y2 must be less than y1."
`;

exports[`Test invalid validateParams 6`] = `"tileset must be set"`;

exports[`Test invalid validateParams 7`] = `"parallel must be an integer greater than 0"`;

exports[`Test valid validateParams 1`] = `
Object {
  "MAPBOX_TOKEN": "test_key",
  "bounds": Array [
    120,
    24,
    122,
    23,
  ],
  "format": "jpg90",
  "n": 16,
  "parallel": 4,
  "res2x": false,
  "tileset": "mapbox.satellite",
  "zoom": 4,
}
`;
